// Jest Snapshot v1, https://goo.gl/fbAQLP

exports[`App renders without crashing given the required props 1`] = `
<div
  className="app"
>
  <div
    className="mainContainer"
  >
    <div
      className="buttons"
    >
      <button
        className="btn"
        onClick={[Function]}
      >
        Login
      </button>
      <button
        className="btn"
        onClick={[Function]}
      >
        Sign Up
      </button>
    </div>
  </div>
</div>
`;

exports[`App renders without crashing given the required props 2`] = `null`;
